Archive member included to satisfy reference by file (symbol)

/Users/matvei/libs/arm/gcc-arm-none-eabi-6_2-2016q4/bin/../lib/gcc/arm-none-eabi/6.2.1/../../../../arm-none-eabi/lib/thumb/v7e-m/fpv4-sp/hard/libc_nano.a(lib_a-exit.o)
                              /Users/matvei/libs/arm/gcc-arm-none-eabi-6_2-2016q4/bin/../lib/gcc/arm-none-eabi/6.2.1/../../../../arm-none-eabi/lib/thumb/v7e-m/fpv4-sp/hard/crt0.o (exit)
/Users/matvei/libs/arm/gcc-arm-none-eabi-6_2-2016q4/bin/../lib/gcc/arm-none-eabi/6.2.1/../../../../arm-none-eabi/lib/thumb/v7e-m/fpv4-sp/hard/libc_nano.a(lib_a-impure.o)
                              /Users/matvei/libs/arm/gcc-arm-none-eabi-6_2-2016q4/bin/../lib/gcc/arm-none-eabi/6.2.1/../../../../arm-none-eabi/lib/thumb/v7e-m/fpv4-sp/hard/libc_nano.a(lib_a-exit.o) (_global_impure_ptr)
/Users/matvei/libs/arm/gcc-arm-none-eabi-6_2-2016q4/bin/../lib/gcc/arm-none-eabi/6.2.1/../../../../arm-none-eabi/lib/thumb/v7e-m/fpv4-sp/hard/libc_nano.a(lib_a-init.o)
                              /Users/matvei/libs/arm/gcc-arm-none-eabi-6_2-2016q4/bin/../lib/gcc/arm-none-eabi/6.2.1/../../../../arm-none-eabi/lib/thumb/v7e-m/fpv4-sp/hard/crt0.o (__libc_init_array)
/Users/matvei/libs/arm/gcc-arm-none-eabi-6_2-2016q4/bin/../lib/gcc/arm-none-eabi/6.2.1/../../../../arm-none-eabi/lib/thumb/v7e-m/fpv4-sp/hard/libc_nano.a(lib_a-memcpy-stub.o)
                              _build/nrf52840_xxaa/nrf_memobj.c.o (memcpy)
/Users/matvei/libs/arm/gcc-arm-none-eabi-6_2-2016q4/bin/../lib/gcc/arm-none-eabi/6.2.1/../../../../arm-none-eabi/lib/thumb/v7e-m/fpv4-sp/hard/libc_nano.a(lib_a-memset.o)
                              /Users/matvei/libs/arm/gcc-arm-none-eabi-6_2-2016q4/bin/../lib/gcc/arm-none-eabi/6.2.1/../../../../arm-none-eabi/lib/thumb/v7e-m/fpv4-sp/hard/crt0.o (memset)
/Users/matvei/libs/arm/gcc-arm-none-eabi-6_2-2016q4/bin/../lib/gcc/arm-none-eabi/6.2.1/../../../../arm-none-eabi/lib/thumb/v7e-m/fpv4-sp/hard/libc_nano.a(lib_a-strlen.o)
                              _build/nrf52840_xxaa/nrf_fprintf_format.c.o (strlen)
/Users/matvei/libs/arm/gcc-arm-none-eabi-6_2-2016q4/bin/../lib/gcc/arm-none-eabi/6.2.1/../../../../arm-none-eabi/lib/thumb/v7e-m/fpv4-sp/hard/libnosys.a(_exit.o)
                              /Users/matvei/libs/arm/gcc-arm-none-eabi-6_2-2016q4/bin/../lib/gcc/arm-none-eabi/6.2.1/../../../../arm-none-eabi/lib/thumb/v7e-m/fpv4-sp/hard/libc_nano.a(lib_a-exit.o) (_exit)

Discarded input sections

 .text          0x0000000000000000        0x0 /Users/matvei/libs/arm/gcc-arm-none-eabi-6_2-2016q4/bin/../lib/gcc/arm-none-eabi/6.2.1/thumb/v7e-m/fpv4-sp/hard/crti.o
 .data          0x0000000000000000        0x0 /Users/matvei/libs/arm/gcc-arm-none-eabi-6_2-2016q4/bin/../lib/gcc/arm-none-eabi/6.2.1/thumb/v7e-m/fpv4-sp/hard/crti.o
 .bss           0x0000000000000000        0x0 /Users/matvei/libs/arm/gcc-arm-none-eabi-6_2-2016q4/bin/../lib/gcc/arm-none-eabi/6.2.1/thumb/v7e-m/fpv4-sp/hard/crti.o
 .data          0x0000000000000000        0x4 /Users/matvei/libs/arm/gcc-arm-none-eabi-6_2-2016q4/bin/../lib/gcc/arm-none-eabi/6.2.1/thumb/v7e-m/fpv4-sp/hard/crtbegin.o
 .data          0x0000000000000000        0x0 /Users/matvei/libs/arm/gcc-arm-none-eabi-6_2-2016q4/bin/../lib/gcc/arm-none-eabi/6.2.1/../../../../arm-none-eabi/lib/thumb/v7e-m/fpv4-sp/hard/crt0.o
 .bss           0x0000000000000000        0x0 /Users/matvei/libs/arm/gcc-arm-none-eabi-6_2-2016q4/bin/../lib/gcc/arm-none-eabi/6.2.1/../../../../arm-none-eabi/lib/thumb/v7e-m/fpv4-sp/hard/crt0.o
 .ARM.extab     0x0000000000000000        0x0 /Users/matvei/libs/arm/gcc-arm-none-eabi-6_2-2016q4/bin/../lib/gcc/arm-none-eabi/6.2.1/../../../../arm-none-eabi/lib/thumb/v7e-m/fpv4-sp/hard/crt0.o
 .data          0x0000000000000000        0x0 _build/nrf52840_xxaa/gcc_startup_nrf52840.S.o
 .bss           0x0000000000000000        0x0 _build/nrf52840_xxaa/gcc_startup_nrf52840.S.o
 .group         0x0000000000000000        0x8 _build/nrf52840_xxaa/nrf_log_frontend.c.o
 .group         0x0000000000000000        0x8 _build/nrf52840_xxaa/nrf_log_frontend.c.o
 .group         0x0000000000000000        0x8 _build/nrf52840_xxaa/nrf_log_frontend.c.o
 .group         0x0000000000000000        0x8 _build/nrf52840_xxaa/nrf_log_frontend.c.o
 .group         0x0000000000000000        0x8 _build/nrf52840_xxaa/nrf_log_frontend.c.o
 .group         0x0000000000000000        0x8 _build/nrf52840_xxaa/nrf_log_frontend.c.o
 .group         0x0000000000000000        0x8 _build/nrf52840_xxaa/nrf_log_frontend.c.o
 .group         0x0000000000000000        0x8 _build/nrf52840_xxaa/nrf_log_frontend.c.o
 .group         0x0000000000000000        0x8 _build/nrf52840_xxaa/nrf_log_frontend.c.o
 .group         0x0000000000000000        0x8 _build/nrf52840_xxaa/nrf_log_frontend.c.o
 .group         0x0000000000000000        0x8 _build/nrf52840_xxaa/nrf_log_frontend.c.o
 .group         0x0000000000000000        0x8 _build/nrf52840_xxaa/nrf_log_frontend.c.o
[...]
Memory Configuration

Name             Origin             Length             Attributes
FLASH            0x0000000000000000 0x0000000000100000 xr
RAM              0x0000000020000000 0x0000000000040000 xrw
*default*        0x0000000000000000 0xffffffffffffffff

Linker script and memory map


.text           0x0000000000000000     0x1030
 *(.isr_vector)
 .isr_vector    0x0000000000000000      0x200 _build/nrf52840_xxaa/gcc_startup_nrf52840.S.o
                0x0000000000000000                __isr_vector
 *(.text*)
 .text          0x0000000000000200       0x6c /Users/matvei/libs/arm/gcc-arm-none-eabi-6_2-2016q4/bin/../lib/gcc/arm-none-eabi/6.2.1/thumb/v7e-m/fpv4-sp/hard/crtbegin.o
 .text          0x000000000000026c       0x74 /Users/matvei/libs/arm/gcc-arm-none-eabi-6_2-2016q4/bin/../lib/gcc/arm-none-eabi/6.2.1/../../../../arm-none-eabi/lib/thumb/v7e-m/fpv4-sp/hard/crt0.o
                0x000000000000026c                _mainCRTStartup
                0x000000000000026c                _start
 .text          0x00000000000002e0       0x3c _build/nrf52840_xxaa/gcc_startup_nrf52840.S.o
                0x00000000000002e0                Reset_Handler
                0x0000000000000308                NMI_Handler
                0x000000000000030a                HardFault_Handler
                0x000000000000030c                MemoryManagement_Handler
                0x000000000000030e                BusFault_Handler
                0x0000000000000310                UsageFault_Handler
                0x0000000000000312                SVC_Handler
                0x0000000000000314                DebugMon_Handler
                0x0000000000000316                PendSV_Handler
                0x0000000000000318                SysTick_Handler
                0x000000000000031a                TIMER3_IRQHandler
                0x000000000000031a                PWM3_IRQHandler
                0x000000000000031a                FPU_IRQHandler
                0x000000000000031a                USBD_IRQHandler
                0x000000000000031a                SPIM0_SPIS0_TWIM0_TWIS0_SPI0_TWI0_IRQHandler
                0x000000000000031a                UARTE0_UART0_IRQHandler
                0x000000000000031a                TIMER4_IRQHandler
                0x000000000000031a                CRYPTOCELL_IRQHandler
                0x000000000000031a                I2S_IRQHandler
                0x000000000000031a                SWI4_EGU4_IRQHandler
                0x000000000000031a                UARTE1_IRQHandler
                0x000000000000031a                TIMER1_IRQHandler
                0x000000000000031a                SPIM3_IRQHandler
                0x000000000000031a                PWM2_IRQHandler
                0x000000000000031a                ECB_IRQHandler
                0x000000000000031a                SPIM1_SPIS1_TWIM1_TWIS1_SPI1_TWI1_IRQHandler
                0x000000000000031a                Default_Handler
                0x000000000000031a                SAADC_IRQHandler
                0x000000000000031a                CCM_AAR_IRQHandler
                0x000000000000031a                WDT_IRQHandler
                0x000000000000031a                SWI5_EGU5_IRQHandler
                0x000000000000031a                RNG_IRQHandler
                0x000000000000031a                RTC2_IRQHandler
                0x000000000000031a                PWM0_IRQHandler
                0x000000000000031a                SWI3_EGU3_IRQHandler
                0x000000000000031a                RTC1_IRQHandler
                0x000000000000031a                SWI1_EGU1_IRQHandler
                0x000000000000031a                SPIM2_SPIS2_SPI2_IRQHandler
                0x000000000000031a                NFCT_IRQHandler
                0x000000000000031a                MWU_IRQHandler
                0x000000000000031a                QSPI_IRQHandler
                0x000000000000031a                TIMER2_IRQHandler
                0x000000000000031a                COMP_LPCOMP_IRQHandler
                0x000000000000031a                RTC0_IRQHandler
                0x000000000000031a                SWI0_EGU0_IRQHandler
                0x000000000000031a                SWI2_EGU2_IRQHandler
                0x000000000000031a                PWM1_IRQHandler
                0x000000000000031a                POWER_CLOCK_IRQHandler
                0x000000000000031a                RADIO_IRQHandler
                0x000000000000031a                PDM_IRQHandler
                0x000000000000031a                TEMP_IRQHandler
                0x000000000000031a                QDEC_IRQHandler
 .text.app_error_handler_bare
                0x000000000000031c       0x20 _build/nrf52840_xxaa/app_error.c.o
                0x000000000000031c                app_error_handler_bare
 .text.app_error_fault_handler
                0x000000000000033c       0x34 _build/nrf52840_xxaa/app_error_weak.c.o
                0x000000000000033c                app_error_fault_handler
 .text.app_util_critical_region_enter
                0x0000000000000370       0x10 _build/nrf52840_xxaa/app_util_platform.c.o
                0x0000000000000370                app_util_critical_region_enter
 .text.app_util_critical_region_exit
                0x0000000000000380       0x14 _build/nrf52840_xxaa/app_util_platform.c.o
                0x0000000000000380                app_util_critical_region_exit
 .text.nrf_drv_ppi_init
                0x0000000000000394       0x14 _build/nrf52840_xxaa/nrf_drv_ppi.c.o
                0x0000000000000394                nrf_drv_ppi_init
 .text.nrfx_gpiote_init
                0x00000000000003a8       0x8c _build/nrf52840_xxaa/nrfx_gpiote.c.o
                0x00000000000003a8                nrfx_gpiote_init
 .text.nrfx_gpiote_out_init
                0x0000000000000434      0x134 _build/nrf52840_xxaa/nrfx_gpiote.c.o
                0x0000000000000434                nrfx_gpiote_out_init
 .text.nrfx_gpiote_out_task_enable
                0x0000000000000568       0x24 _build/nrf52840_xxaa/nrfx_gpiote.c.o
                0x0000000000000568                nrfx_gpiote_out_task_enable
 .text.nrfx_gpiote_out_task_addr_get
                0x000000000000058c       0x1c _build/nrf52840_xxaa/nrfx_gpiote.c.o
                0x000000000000058c                nrfx_gpiote_out_task_addr_get
 .text.nrfx_gpiote_in_init
                0x00000000000005a8      0x164 _build/nrf52840_xxaa/nrfx_gpiote.c.o
                0x00000000000005a8                nrfx_gpiote_in_init
 .text.nrfx_gpiote_in_event_enable
                0x000000000000070c       0xf8 _build/nrf52840_xxaa/nrfx_gpiote.c.o
                0x000000000000070c                nrfx_gpiote_in_event_enable
 .text.nrfx_gpiote_in_event_addr_get
                0x0000000000000804       0x2c _build/nrf52840_xxaa/nrfx_gpiote.c.o
                0x0000000000000804                nrfx_gpiote_in_event_addr_get
 .text.GPIOTE_IRQHandler
                0x0000000000000830      0x320 _build/nrf52840_xxaa/nrfx_gpiote.c.o
                0x0000000000000830                GPIOTE_IRQHandler
 .text.nrfx_ppi_channel_alloc
                0x0000000000000b50       0x64 _build/nrf52840_xxaa/nrfx_ppi.c.o
                0x0000000000000b50                nrfx_ppi_channel_alloc
 .text.nrfx_ppi_channel_assign
                0x0000000000000bb4       0x48 _build/nrf52840_xxaa/nrfx_ppi.c.o
                0x0000000000000bb4                nrfx_ppi_channel_assign
 .text.nrfx_ppi_channel_enable
                0x0000000000000bfc       0x28 _build/nrf52840_xxaa/nrfx_ppi.c.o
                0x0000000000000bfc                nrfx_ppi_channel_enable
 .text.TIMER0_IRQHandler
                0x0000000000000c24       0xc8 _build/nrf52840_xxaa/nrfx_timer.c.o
                0x0000000000000c24                TIMER0_IRQHandler
 .text.gpio_ppi_map
                0x0000000000000cec       0xa8 _build/nrf52840_xxaa/main.c.o
                0x0000000000000cec                gpio_ppi_map
 .text.startup.main
                0x0000000000000d94       0x30 _build/nrf52840_xxaa/main.c.o
                0x0000000000000d94                main
 .text.SystemInit
                0x0000000000000dc4      0x1c4 _build/nrf52840_xxaa/system_nrf52840.c.o
                0x0000000000000dc4                SystemInit
 .text.exit     0x0000000000000f88       0x28 /Users/matvei/libs/arm/gcc-arm-none-eabi-6_2-2016q4/bin/../lib/gcc/arm-none-eabi/6.2.1/../../../../arm-none-eabi/lib/thumb/v7e-m/fpv4-sp/hard/libc_nano.a(lib_a-exit.o)
                0x0000000000000f88                exit
 .text.__libc_init_array
                0x0000000000000fb0       0x48 /Users/matvei/libs/arm/gcc-arm-none-eabi-6_2-2016q4/bin/../lib/gcc/arm-none-eabi/6.2.1/../../../../arm-none-eabi/lib/thumb/v7e-m/fpv4-sp/hard/libc_nano.a(lib_a-init.o)
                0x0000000000000fb0                __libc_init_array
 .text.memset   0x0000000000000ff8       0x10 /Users/matvei/libs/arm/gcc-arm-none-eabi-6_2-2016q4/bin/../lib/gcc/arm-none-eabi/6.2.1/../../../../arm-none-eabi/lib/thumb/v7e-m/fpv4-sp/hard/libc_nano.a(lib_a-memset.o)
                0x0000000000000ff8                memset
 .text._exit    0x0000000000001008        0x4 /Users/matvei/libs/arm/gcc-arm-none-eabi-6_2-2016q4/bin/../lib/gcc/arm-none-eabi/6.2.1/../../../../arm-none-eabi/lib/thumb/v7e-m/fpv4-sp/hard/libnosys.a(_exit.o)
                0x0000000000001008                _exit
 *(.init)
 .init          0x000000000000100c        0x4 /Users/matvei/libs/arm/gcc-arm-none-eabi-6_2-2016q4/bin/../lib/gcc/arm-none-eabi/6.2.1/thumb/v7e-m/fpv4-sp/hard/crti.o
                0x000000000000100c                _init
 .init          0x0000000000001010        0x8 /Users/matvei/libs/arm/gcc-arm-none-eabi-6_2-2016q4/bin/../lib/gcc/arm-none-eabi/6.2.1/thumb/v7e-m/fpv4-sp/hard/crtn.o
 *(.fini)
 .fini          0x0000000000001018        0x4 /Users/matvei/libs/arm/gcc-arm-none-eabi-6_2-2016q4/bin/../lib/gcc/arm-none-eabi/6.2.1/thumb/v7e-m/fpv4-sp/hard/crti.o
                0x0000000000001018                _fini
 .fini          0x000000000000101c        0x8 /Users/matvei/libs/arm/gcc-arm-none-eabi-6_2-2016q4/bin/../lib/gcc/arm-none-eabi/6.2.1/thumb/v7e-m/fpv4-sp/hard/crtn.o
 *crtbegin.o(.ctors)
 *crtbegin?.o(.ctors)
 *(EXCLUDE_FILE(*crtend.o *crtend?.o) .ctors)
 *(SORT(.ctors.*))
 *(.ctors)
 *crtbegin.o(.dtors)
 *crtbegin?.o(.dtors)
 *(EXCLUDE_FILE(*crtend.o *crtend?.o) .dtors)
 *(SORT(.dtors.*))
 *(.dtors)
 *(.rodata*)
 .rodata        0x0000000000001024        0x3 _build/nrf52840_xxaa/main.c.o
 *fill*         0x0000000000001027        0x1 
 .rodata._global_impure_ptr
                0x0000000000001028        0x4 /Users/matvei/libs/arm/gcc-arm-none-eabi-6_2-2016q4/bin/../lib/gcc/arm-none-eabi/6.2.1/../../../../arm-none-eabi/lib/thumb/v7e-m/fpv4-sp/hard/libc_nano.a(lib_a-impure.o)
                0x0000000000001028                _global_impure_ptr
 *(.eh_frame*)
 .eh_frame      0x000000000000102c        0x0 /Users/matvei/libs/arm/gcc-arm-none-eabi-6_2-2016q4/bin/../lib/gcc/arm-none-eabi/6.2.1/thumb/v7e-m/fpv4-sp/hard/crtbegin.o
 .eh_frame      0x000000000000102c        0x4 /Users/matvei/libs/arm/gcc-arm-none-eabi-6_2-2016q4/bin/../lib/gcc/arm-none-eabi/6.2.1/thumb/v7e-m/fpv4-sp/hard/crtend.o

.glue_7         0x0000000000001030        0x0
 .glue_7        0x0000000000001030        0x0 linker stubs

.glue_7t        0x0000000000001030        0x0
 .glue_7t       0x0000000000001030        0x0 linker stubs

.vfp11_veneer   0x0000000000001030        0x0
 .vfp11_veneer  0x0000000000001030        0x0 linker stubs

.v4_bx          0x0000000000001030        0x0
 .v4_bx         0x0000000000001030        0x0 linker stubs

.iplt           0x0000000000001030        0x0
 .iplt          0x0000000000001030        0x0 /Users/matvei/libs/arm/gcc-arm-none-eabi-6_2-2016q4/bin/../lib/gcc/arm-none-eabi/6.2.1/thumb/v7e-m/fpv4-sp/hard/crtbegin.o

.mem_section_dummy_rom

.log_const_data
                0x0000000000001030        0x0
                [!provide]                        PROVIDE (__start_log_const_data, .)
 *(SORT(.log_const_data*))
                [!provide]                        PROVIDE (__stop_log_const_data, .)

.log_backends   0x0000000000001030        0x0
                [!provide]                        PROVIDE (__start_log_backends, .)
 *(SORT(.log_backends*))
                [!provide]                        PROVIDE (__stop_log_backends, .)

.nrf_balloc     0x0000000000001030        0x0
                [!provide]                        PROVIDE (__start_nrf_balloc, .)
 *(.nrf_balloc)
                [!provide]                        PROVIDE (__stop_nrf_balloc, .)

.ARM.extab
 *(.ARM.extab* .gnu.linkonce.armextab.*)
                0x0000000000001030                __exidx_start = .

.ARM.exidx      0x0000000000001030        0x8
 *(.ARM.exidx* .gnu.linkonce.armexidx.*)
 .ARM.exidx     0x0000000000001030        0x8 /Users/matvei/libs/arm/gcc-arm-none-eabi-6_2-2016q4/bin/../lib/gcc/arm-none-eabi/6.2.1/../../../../arm-none-eabi/lib/thumb/v7e-m/fpv4-sp/hard/crt0.o
                0x0000000000001038                __exidx_end = .
                0x0000000000001038                __etext = .

.rel.dyn        0x0000000000001038        0x0
 .rel.iplt      0x0000000000001038        0x0 /Users/matvei/libs/arm/gcc-arm-none-eabi-6_2-2016q4/bin/../lib/gcc/arm-none-eabi/6.2.1/thumb/v7e-m/fpv4-sp/hard/crtbegin.o

.data           0x0000000020000000       0x70 load address 0x0000000000001038
                0x0000000020000000                __data_start__ = .
 *(vtable)
 *(.data*)
 .data.SystemCoreClock
                0x0000000020000000        0x4 _build/nrf52840_xxaa/system_nrf52840.c.o
                0x0000000020000000                SystemCoreClock
 .data.impure_data
                0x0000000020000004       0x60 /Users/matvei/libs/arm/gcc-arm-none-eabi-6_2-2016q4/bin/../lib/gcc/arm-none-eabi/6.2.1/../../../../arm-none-eabi/lib/thumb/v7e-m/fpv4-sp/hard/libc_nano.a(lib_a-impure.o)
                0x0000000020000064                . = ALIGN (0x4)
                0x0000000020000064                PROVIDE (__preinit_array_start, .)
 *(.preinit_array)
                0x0000000020000064                PROVIDE (__preinit_array_end, .)
                0x0000000020000064                . = ALIGN (0x4)
                0x0000000020000064                PROVIDE (__init_array_start, .)
 *(SORT(.init_array.*))
 *(.init_array)
 .init_array    0x0000000020000064        0x4 /Users/matvei/libs/arm/gcc-arm-none-eabi-6_2-2016q4/bin/../lib/gcc/arm-none-eabi/6.2.1/thumb/v7e-m/fpv4-sp/hard/crtbegin.o
                0x0000000020000068                PROVIDE (__init_array_end, .)
                0x0000000020000068                . = ALIGN (0x4)
                [!provide]                        PROVIDE (__fini_array_start, .)
 *(SORT(.fini_array.*))
 *(.fini_array)
 .fini_array    0x0000000020000068        0x4 /Users/matvei/libs/arm/gcc-arm-none-eabi-6_2-2016q4/bin/../lib/gcc/arm-none-eabi/6.2.1/thumb/v7e-m/fpv4-sp/hard/crtbegin.o
                [!provide]                        PROVIDE (__fini_array_end, .)
 *(.jcr*)
 .jcr           0x000000002000006c        0x0 /Users/matvei/libs/arm/gcc-arm-none-eabi-6_2-2016q4/bin/../lib/gcc/arm-none-eabi/6.2.1/thumb/v7e-m/fpv4-sp/hard/crtbegin.o
 .jcr           0x000000002000006c        0x4 /Users/matvei/libs/arm/gcc-arm-none-eabi-6_2-2016q4/bin/../lib/gcc/arm-none-eabi/6.2.1/thumb/v7e-m/fpv4-sp/hard/crtend.o
                0x0000000020000070                . = ALIGN (0x4)
                0x0000000020000070                __data_end__ = .
LOAD /Users/matvei/libs/arm/gcc-arm-none-eabi-6_2-2016q4/bin/../lib/gcc/arm-none-eabi/6.2.1/thumb/v7e-m/fpv4-sp/hard/crti.o
LOAD /Users/matvei/libs/arm/gcc-arm-none-eabi-6_2-2016q4/bin/../lib/gcc/arm-none-eabi/6.2.1/thumb/v7e-m/fpv4-sp/hard/crtbegin.o
LOAD /Users/matvei/libs/arm/gcc-arm-none-eabi-6_2-2016q4/bin/../lib/gcc/arm-none-eabi/6.2.1/../../../../arm-none-eabi/lib/thumb/v7e-m/fpv4-sp/hard/crt0.o
LOAD _build/nrf52840_xxaa/gcc_startup_nrf52840.S.o
LOAD _build/nrf52840_xxaa/nrf_log_frontend.c.o
LOAD _build/nrf52840_xxaa/nrf_log_str_formatter.c.o
LOAD _build/nrf52840_xxaa/boards.c.o
LOAD _build/nrf52840_xxaa/app_error.c.o
LOAD _build/nrf52840_xxaa/app_error_handler_gcc.c.o
LOAD _build/nrf52840_xxaa/app_error_weak.c.o
LOAD _build/nrf52840_xxaa/app_util_platform.c.o
LOAD _build/nrf52840_xxaa/nrf_assert.c.o
LOAD _build/nrf52840_xxaa/nrf_atomic.c.o
LOAD _build/nrf52840_xxaa/nrf_balloc.c.o
LOAD _build/nrf52840_xxaa/nrf_fprintf.c.o
LOAD _build/nrf52840_xxaa/nrf_fprintf_format.c.o
LOAD _build/nrf52840_xxaa/nrf_memobj.c.o
LOAD _build/nrf52840_xxaa/nrf_ringbuf.c.o
LOAD _build/nrf52840_xxaa/nrf_strerror.c.o
LOAD _build/nrf52840_xxaa/nrf_drv_ppi.c.o
LOAD _build/nrf52840_xxaa/nrfx_atomic.c.o
LOAD _build/nrf52840_xxaa/nrfx_gpiote.c.o
LOAD _build/nrf52840_xxaa/nrfx_ppi.c.o
LOAD _build/nrf52840_xxaa/nrfx_timer.c.o
LOAD _build/nrf52840_xxaa/main.c.o
LOAD _build/nrf52840_xxaa/system_nrf52840.c.o
LOAD /Users/matvei/libs/arm/gcc-arm-none-eabi-6_2-2016q4/bin/../lib/gcc/arm-none-eabi/6.2.1/../../../../arm-none-eabi/lib/thumb/v7e-m/fpv4-sp/hard/libc_nano.a
LOAD /Users/matvei/libs/arm/gcc-arm-none-eabi-6_2-2016q4/bin/../lib/gcc/arm-none-eabi/6.2.1/../../../../arm-none-eabi/lib/thumb/v7e-m/fpv4-sp/hard/libnosys.a
LOAD /Users/matvei/libs/arm/gcc-arm-none-eabi-6_2-2016q4/bin/../lib/gcc/arm-none-eabi/6.2.1/../../../../arm-none-eabi/lib/thumb/v7e-m/fpv4-sp/hard/libm.a
START GROUP
LOAD /Users/matvei/libs/arm/gcc-arm-none-eabi-6_2-2016q4/bin/../lib/gcc/arm-none-eabi/6.2.1/thumb/v7e-m/fpv4-sp/hard/libgcc.a
LOAD /Users/matvei/libs/arm/gcc-arm-none-eabi-6_2-2016q4/bin/../lib/gcc/arm-none-eabi/6.2.1/../../../../arm-none-eabi/lib/thumb/v7e-m/fpv4-sp/hard/libg_nano.a
LOAD /Users/matvei/libs/arm/gcc-arm-none-eabi-6_2-2016q4/bin/../lib/gcc/arm-none-eabi/6.2.1/../../../../arm-none-eabi/lib/thumb/v7e-m/fpv4-sp/hard/libc_nano.a
END GROUP
START GROUP
LOAD /Users/matvei/libs/arm/gcc-arm-none-eabi-6_2-2016q4/bin/../lib/gcc/arm-none-eabi/6.2.1/thumb/v7e-m/fpv4-sp/hard/libgcc.a
LOAD /Users/matvei/libs/arm/gcc-arm-none-eabi-6_2-2016q4/bin/../lib/gcc/arm-none-eabi/6.2.1/../../../../arm-none-eabi/lib/thumb/v7e-m/fpv4-sp/hard/libc_nano.a
END GROUP
LOAD /Users/matvei/libs/arm/gcc-arm-none-eabi-6_2-2016q4/bin/../lib/gcc/arm-none-eabi/6.2.1/thumb/v7e-m/fpv4-sp/hard/crtend.o
LOAD /Users/matvei/libs/arm/gcc-arm-none-eabi-6_2-2016q4/bin/../lib/gcc/arm-none-eabi/6.2.1/thumb/v7e-m/fpv4-sp/hard/crtn.o
START GROUP
LOAD /Users/matvei/libs/arm/gcc-arm-none-eabi-6_2-2016q4/bin/../lib/gcc/arm-none-eabi/6.2.1/thumb/v7e-m/fpv4-sp/hard/libgcc.a
LOAD /Users/matvei/libs/arm/gcc-arm-none-eabi-6_2-2016q4/bin/../lib/gcc/arm-none-eabi/6.2.1/../../../../arm-none-eabi/lib/thumb/v7e-m/fpv4-sp/hard/libc.a
LOAD /Users/matvei/libs/arm/gcc-arm-none-eabi-6_2-2016q4/bin/../lib/gcc/arm-none-eabi/6.2.1/../../../../arm-none-eabi/lib/thumb/v7e-m/fpv4-sp/hard/libnosys.a
END GROUP

.igot.plt       0x0000000020000070        0x0 load address 0x00000000000010a8
 .igot.plt      0x0000000020000070        0x0 /Users/matvei/libs/arm/gcc-arm-none-eabi-6_2-2016q4/bin/../lib/gcc/arm-none-eabi/6.2.1/thumb/v7e-m/fpv4-sp/hard/crtbegin.o
                0x0000000020000070                . = ALIGN (0x4)

.mem_section_dummy_ram

.log_dynamic_data
                0x0000000020000070        0x0
                [!provide]                        PROVIDE (__start_log_dynamic_data, .)
 *(SORT(.log_dynamic_data*))
                [!provide]                        PROVIDE (__stop_log_dynamic_data, .)

.log_filter_data
                0x0000000020000070        0x0
                [!provide]                        PROVIDE (__start_log_filter_data, .)
 *(SORT(.log_filter_data*))
                [!provide]                        PROVIDE (__stop_log_filter_data, .)

.bss            0x0000000020000070       0x90 load address 0x00000000000010a8
                0x0000000020000070                . = ALIGN (0x4)
                0x0000000020000070                __bss_start__ = .
 *(.bss*)
 .bss           0x0000000020000070       0x1c /Users/matvei/libs/arm/gcc-arm-none-eabi-6_2-2016q4/bin/../lib/gcc/arm-none-eabi/6.2.1/thumb/v7e-m/fpv4-sp/hard/crtbegin.o
 .bss.m_in_critical_region
                0x000000002000008c        0x4 _build/nrf52840_xxaa/app_util_platform.c.o
 .bss.m_drv_state
                0x0000000020000090        0x1 _build/nrf52840_xxaa/nrf_drv_ppi.c.o
 *fill*         0x0000000020000091        0x3 
 .bss.m_cb      0x0000000020000094       0x5c _build/nrf52840_xxaa/nrfx_gpiote.c.o
 .bss.m_channels_allocated
                0x00000000200000f0        0x4 _build/nrf52840_xxaa/nrfx_ppi.c.o
 .bss.m_cb      0x00000000200000f4        0xc _build/nrf52840_xxaa/nrfx_timer.c.o
 *(COMMON)
                0x0000000020000100                . = ALIGN (0x4)
                0x0000000020000100                __bss_end__ = .

.heap           0x0000000020000100     0x2000
                0x0000000020000100                __HeapBase = .
                0x0000000020000100                __end__ = .
                [!provide]                        PROVIDE (end, .)
 *(.heap*)
 .heap          0x0000000020000100     0x2000 _build/nrf52840_xxaa/gcc_startup_nrf52840.S.o
                0x0000000020002100                __HeapLimit = .

.stack_dummy    0x0000000020000100     0x2000
 *(.stack*)
 .stack         0x0000000020000100     0x2000 _build/nrf52840_xxaa/gcc_startup_nrf52840.S.o
                0x0000000020040000                __StackTop = (ORIGIN (RAM) + LENGTH (RAM))
                0x000000002003e000                __StackLimit = (__StackTop - SIZEOF (.stack_dummy))
                0x0000000020040000                PROVIDE (__stack, __StackTop)
                0x0000000000000001                ASSERT ((__StackLimit >= __HeapLimit), region RAM overflowed with stack)
                0x0000000000000070                DataInitFlashUsed = (__bss_start__ - __data_start__)
                0x0000000000001038                CodeFlashUsed = (__etext - ORIGIN (FLASH))
                0x00000000000010a8                TotalFlashUsed = (CodeFlashUsed + DataInitFlashUsed)
                0x0000000000000001                ASSERT ((TotalFlashUsed <= LENGTH (FLASH)), region FLASH overflowed with .data and user data)
OUTPUT(_build/nrf52840_xxaa.out elf32-littlearm)

.ARM.attributes
                0x0000000000000000       0x30
 .ARM.attributes
                0x0000000000000000       0x22 /Users/matvei/libs/arm/gcc-arm-none-eabi-6_2-2016q4/bin/../lib/gcc/arm-none-eabi/6.2.1/thumb/v7e-m/fpv4-sp/hard/crti.o
 .ARM.attributes
                0x0000000000000022       0x34 /Users/matvei/libs/arm/gcc-arm-none-eabi-6_2-2016q4/bin/../lib/gcc/arm-none-eabi/6.2.1/thumb/v7e-m/fpv4-sp/hard/crtbegin.o
 .ARM.attributes
                0x0000000000000056       0x20 /Users/matvei/libs/arm/gcc-arm-none-eabi-6_2-2016q4/bin/../lib/gcc/arm-none-eabi/6.2.1/../../../../arm-none-eabi/lib/thumb/v7e-m/fpv4-sp/hard/crt0.o
 .ARM.attributes
                0x0000000000000076       0x20 _build/nrf52840_xxaa/gcc_startup_nrf52840.S.o
 .ARM.attributes
                0x0000000000000096       0x39 _build/nrf52840_xxaa/app_error.c.o
 .ARM.attributes
                0x00000000000000cf       0x39 _build/nrf52840_xxaa/app_error_weak.c.o
 .ARM.attributes
                0x0000000000000108       0x39 _build/nrf52840_xxaa/app_util_platform.c.o
 .ARM.attributes
                0x0000000000000141       0x39 _build/nrf52840_xxaa/nrf_drv_ppi.c.o
 .ARM.attributes
                0x000000000000017a       0x39 _build/nrf52840_xxaa/nrfx_gpiote.c.o
 .ARM.attributes
                0x00000000000001b3       0x39 _build/nrf52840_xxaa/nrfx_ppi.c.o
 .ARM.attributes
                0x00000000000001ec       0x39 _build/nrf52840_xxaa/nrfx_timer.c.o
 .ARM.attributes
                0x0000000000000225       0x39 _build/nrf52840_xxaa/main.c.o
 .ARM.attributes
                0x000000000000025e       0x39 _build/nrf52840_xxaa/system_nrf52840.c.o
 .ARM.attributes
                0x0000000000000297       0x34 /Users/matvei/libs/arm/gcc-arm-none-eabi-6_2-2016q4/bin/../lib/gcc/arm-none-eabi/6.2.1/../../../../arm-none-eabi/lib/thumb/v7e-m/fpv4-sp/hard/libc_nano.a(lib_a-exit.o)
 .ARM.attributes
                0x00000000000002cb       0x34 /Users/matvei/libs/arm/gcc-arm-none-eabi-6_2-2016q4/bin/../lib/gcc/arm-none-eabi/6.2.1/../../../../arm-none-eabi/lib/thumb/v7e-m/fpv4-sp/hard/libc_nano.a(lib_a-impure.o)
 .ARM.attributes
                0x00000000000002ff       0x34 /Users/matvei/libs/arm/gcc-arm-none-eabi-6_2-2016q4/bin/../lib/gcc/arm-none-eabi/6.2.1/../../../../arm-none-eabi/lib/thumb/v7e-m/fpv4-sp/hard/libc_nano.a(lib_a-init.o)
 .ARM.attributes
                0x0000000000000333       0x34 /Users/matvei/libs/arm/gcc-arm-none-eabi-6_2-2016q4/bin/../lib/gcc/arm-none-eabi/6.2.1/../../../../arm-none-eabi/lib/thumb/v7e-m/fpv4-sp/hard/libc_nano.a(lib_a-memset.o)
 .ARM.attributes
                0x0000000000000367       0x34 /Users/matvei/libs/arm/gcc-arm-none-eabi-6_2-2016q4/bin/../lib/gcc/arm-none-eabi/6.2.1/../../../../arm-none-eabi/lib/thumb/v7e-m/fpv4-sp/hard/libnosys.a(_exit.o)
 .ARM.attributes
                0x000000000000039b       0x34 /Users/matvei/libs/arm/gcc-arm-none-eabi-6_2-2016q4/bin/../lib/gcc/arm-none-eabi/6.2.1/thumb/v7e-m/fpv4-sp/hard/crtend.o
 .ARM.attributes
                0x00000000000003cf       0x22 /Users/matvei/libs/arm/gcc-arm-none-eabi-6_2-2016q4/bin/../lib/gcc/arm-none-eabi/6.2.1/thumb/v7e-m/fpv4-sp/hard/crtn.o

.comment        0x0000000000000000       0x6e
 .comment       0x0000000000000000       0x6e _build/nrf52840_xxaa/app_error.c.o
                                         0x6f (size before relaxing)
 .comment       0x000000000000006e       0x6f _build/nrf52840_xxaa/app_error_weak.c.o
 .comment       0x000000000000006e       0x6f _build/nrf52840_xxaa/app_util_platform.c.o
 .comment       0x000000000000006e       0x6f _build/nrf52840_xxaa/nrf_drv_ppi.c.o
 .comment       0x000000000000006e       0x6f _build/nrf52840_xxaa/nrfx_gpiote.c.o
 .comment       0x000000000000006e       0x6f _build/nrf52840_xxaa/nrfx_ppi.c.o
 .comment       0x000000000000006e       0x6f _build/nrf52840_xxaa/nrfx_timer.c.o
 .comment       0x000000000000006e       0x6f _build/nrf52840_xxaa/main.c.o
 .comment       0x000000000000006e       0x6f _build/nrf52840_xxaa/system_nrf52840.c.o

.debug_line     0x0000000000000000     0x55f6
 .debug_line    0x0000000000000000       0x9c _build/nrf52840_xxaa/gcc_startup_nrf52840.S.o
 .debug_line    0x000000000000009c      0x53f _build/nrf52840_xxaa/app_error.c.o
 .debug_line    0x00000000000005db      0x784 _build/nrf52840_xxaa/app_error_weak.c.o
 .debug_line    0x0000000000000d5f      0x5cd _build/nrf52840_xxaa/app_util_platform.c.o
 .debug_line    0x000000000000132c      0x805 _build/nrf52840_xxaa/nrf_drv_ppi.c.o
 .debug_line    0x0000000000001b31     0x131b _build/nrf52840_xxaa/nrfx_gpiote.c.o
 .debug_line    0x0000000000002e4c      0xcd2 _build/nrf52840_xxaa/nrfx_ppi.c.o
 .debug_line    0x0000000000003b1e      0xe17 _build/nrf52840_xxaa/nrfx_timer.c.o
 .debug_line    0x0000000000004935      0x8a3 _build/nrf52840_xxaa/main.c.o
 .debug_line    0x00000000000051d8      0x41e _build/nrf52840_xxaa/system_nrf52840.c.o

.debug_info     0x0000000000000000     0xce0f
 .debug_info    0x0000000000000000       0x9f _build/nrf52840_xxaa/gcc_startup_nrf52840.S.o
 .debug_info    0x000000000000009f      0xae7 _build/nrf52840_xxaa/app_error.c.o
 .debug_info    0x0000000000000b86      0xe45 _build/nrf52840_xxaa/app_error_weak.c.o
 .debug_info    0x00000000000019cb      0xfc9 _build/nrf52840_xxaa/app_util_platform.c.o
 .debug_info    0x0000000000002994      0x98b _build/nrf52840_xxaa/nrf_drv_ppi.c.o
 .debug_info    0x000000000000331f     0x3b49 _build/nrf52840_xxaa/nrfx_gpiote.c.o
 .debug_info    0x0000000000006e68     0x1b2a _build/nrf52840_xxaa/nrfx_ppi.c.o
 .debug_info    0x0000000000008992     0x2277 _build/nrf52840_xxaa/nrfx_timer.c.o
 .debug_info    0x000000000000ac09      0xe83 _build/nrf52840_xxaa/main.c.o
 .debug_info    0x000000000000ba8c     0x1383 _build/nrf52840_xxaa/system_nrf52840.c.o

.debug_abbrev   0x0000000000000000     0x1bcb
 .debug_abbrev  0x0000000000000000       0x14 _build/nrf52840_xxaa/gcc_startup_nrf52840.S.o
 .debug_abbrev  0x0000000000000014      0x235 _build/nrf52840_xxaa/app_error.c.o
 .debug_abbrev  0x0000000000000249      0x25d _build/nrf52840_xxaa/app_error_weak.c.o
 .debug_abbrev  0x00000000000004a6      0x324 _build/nrf52840_xxaa/app_util_platform.c.o
 .debug_abbrev  0x00000000000007ca      0x212 _build/nrf52840_xxaa/nrf_drv_ppi.c.o
 .debug_abbrev  0x00000000000009dc      0x4fb _build/nrf52840_xxaa/nrfx_gpiote.c.o
 .debug_abbrev  0x0000000000000ed7      0x40b _build/nrf52840_xxaa/nrfx_ppi.c.o
 .debug_abbrev  0x00000000000012e2      0x452 _build/nrf52840_xxaa/nrfx_timer.c.o
 .debug_abbrev  0x0000000000001734      0x2ac _build/nrf52840_xxaa/main.c.o
 .debug_abbrev  0x00000000000019e0      0x1eb _build/nrf52840_xxaa/system_nrf52840.c.o

.debug_aranges  0x0000000000000000      0x310
 .debug_aranges
                0x0000000000000000       0x20 _build/nrf52840_xxaa/gcc_startup_nrf52840.S.o
 .debug_aranges
                0x0000000000000020       0x28 _build/nrf52840_xxaa/app_error.c.o
 .debug_aranges
                0x0000000000000048       0x20 _build/nrf52840_xxaa/app_error_weak.c.o
 .debug_aranges
                0x0000000000000068       0x48 _build/nrf52840_xxaa/app_util_platform.c.o
 .debug_aranges
                0x00000000000000b0       0x28 _build/nrf52840_xxaa/nrf_drv_ppi.c.o
 .debug_aranges
                0x00000000000000d8       0xd8 _build/nrf52840_xxaa/nrfx_gpiote.c.o
 .debug_aranges
                0x00000000000001b0       0x80 _build/nrf52840_xxaa/nrfx_ppi.c.o
 .debug_aranges
                0x0000000000000230       0x90 _build/nrf52840_xxaa/nrfx_timer.c.o
 .debug_aranges
                0x00000000000002c0       0x28 _build/nrf52840_xxaa/main.c.o
 .debug_aranges
                0x00000000000002e8       0x28 _build/nrf52840_xxaa/system_nrf52840.c.o

.debug_loc      0x0000000000000000     0x3cce
 .debug_loc     0x0000000000000000       0xca _build/nrf52840_xxaa/app_error.c.o
 .debug_loc     0x00000000000000ca       0x42 _build/nrf52840_xxaa/app_error_weak.c.o
 .debug_loc     0x000000000000010c       0xae _build/nrf52840_xxaa/app_util_platform.c.o
 .debug_loc     0x00000000000001ba     0x267b _build/nrf52840_xxaa/nrfx_gpiote.c.o
 .debug_loc     0x0000000000002835      0x871 _build/nrf52840_xxaa/nrfx_ppi.c.o
 .debug_loc     0x00000000000030a6      0xa44 _build/nrf52840_xxaa/nrfx_timer.c.o
 .debug_loc     0x0000000000003aea      0x1e4 _build/nrf52840_xxaa/main.c.o

.debug_ranges   0x0000000000000000     0x11a8
 .debug_ranges  0x0000000000000000       0x18 _build/nrf52840_xxaa/app_error.c.o
 .debug_ranges  0x0000000000000018       0x10 _build/nrf52840_xxaa/app_error_weak.c.o
 .debug_ranges  0x0000000000000028       0x50 _build/nrf52840_xxaa/app_util_platform.c.o
 .debug_ranges  0x0000000000000078       0x18 _build/nrf52840_xxaa/nrf_drv_ppi.c.o
 .debug_ranges  0x0000000000000090      0xa70 _build/nrf52840_xxaa/nrfx_gpiote.c.o
 .debug_ranges  0x0000000000000b00      0x278 _build/nrf52840_xxaa/nrfx_ppi.c.o
 .debug_ranges  0x0000000000000d78      0x348 _build/nrf52840_xxaa/nrfx_timer.c.o
 .debug_ranges  0x00000000000010c0       0xa8 _build/nrf52840_xxaa/main.c.o
 .debug_ranges  0x0000000000001168       0x40 _build/nrf52840_xxaa/system_nrf52840.c.o

.debug_macro    0x0000000000000000     0x252b
 .debug_macro   0x0000000000000000      0x22f _build/nrf52840_xxaa/app_error.c.o
 .debug_macro   0x000000000000022f       0x35 _build/nrf52840_xxaa/app_error.c.o
 .debug_macro   0x0000000000000264       0x97 _build/nrf52840_xxaa/app_error.c.o
 .debug_macro   0x00000000000002fb       0xf6 _build/nrf52840_xxaa/app_error.c.o
 .debug_macro   0x00000000000003f1      0x31e _build/nrf52840_xxaa/app_error_weak.c.o
 .debug_macro   0x000000000000070f       0x16 _build/nrf52840_xxaa/app_error_weak.c.o
 .debug_macro   0x0000000000000725       0x31 _build/nrf52840_xxaa/app_error_weak.c.o
 .debug_macro   0x0000000000000756       0x16 _build/nrf52840_xxaa/app_error_weak.c.o
 .debug_macro   0x000000000000076c       0x55 _build/nrf52840_xxaa/app_error_weak.c.o
 .debug_macro   0x00000000000007c1      0x17f _build/nrf52840_xxaa/app_error_weak.c.o
 .debug_macro   0x0000000000000940       0x9a _build/nrf52840_xxaa/app_error_weak.c.o
 .debug_macro   0x00000000000009da       0x28 _build/nrf52840_xxaa/app_error_weak.c.o
 .debug_macro   0x0000000000000a02       0x23 _build/nrf52840_xxaa/app_error_weak.c.o
 .debug_macro   0x0000000000000a25       0x1c _build/nrf52840_xxaa/app_error_weak.c.o
 .debug_macro   0x0000000000000a41       0x92 _build/nrf52840_xxaa/app_error_weak.c.o
 .debug_macro   0x0000000000000ad3      0x245 _build/nrf52840_xxaa/app_util_platform.c.o
 .debug_macro   0x0000000000000d18      0x34b _build/nrf52840_xxaa/nrf_drv_ppi.c.o
 .debug_macro   0x0000000000001063       0x16 _build/nrf52840_xxaa/nrf_drv_ppi.c.o
 .debug_macro   0x0000000000001079       0x88 _build/nrf52840_xxaa/nrf_drv_ppi.c.o
 .debug_macro   0x0000000000001101      0x421 _build/nrf52840_xxaa/nrfx_gpiote.c.o
 .debug_macro   0x0000000000001522       0x17 _build/nrf52840_xxaa/nrfx_gpiote.c.o
 .debug_macro   0x0000000000001539       0x1c _build/nrf52840_xxaa/nrfx_gpiote.c.o
 .debug_macro   0x0000000000001555       0x45 _build/nrf52840_xxaa/nrfx_gpiote.c.o
 .debug_macro   0x000000000000159a       0x16 _build/nrf52840_xxaa/nrfx_gpiote.c.o
 .debug_macro   0x00000000000015b0       0x1c _build/nrf52840_xxaa/nrfx_gpiote.c.o
 .debug_macro   0x00000000000015cc       0x37 _build/nrf52840_xxaa/nrfx_gpiote.c.o
 .debug_macro   0x0000000000001603       0x10 _build/nrf52840_xxaa/nrfx_gpiote.c.o
 .debug_macro   0x0000000000001613      0x179 _build/nrf52840_xxaa/nrfx_gpiote.c.o
 .debug_macro   0x000000000000178c       0x42 _build/nrf52840_xxaa/nrfx_gpiote.c.o
 .debug_macro   0x00000000000017ce      0x3d4 _build/nrf52840_xxaa/nrfx_ppi.c.o
 .debug_macro   0x0000000000001ba2      0x3e1 _build/nrf52840_xxaa/nrfx_timer.c.o
 .debug_macro   0x0000000000001f83       0x22 _build/nrf52840_xxaa/nrfx_timer.c.o
 .debug_macro   0x0000000000001fa5       0x10 _build/nrf52840_xxaa/nrfx_timer.c.o
 .debug_macro   0x0000000000001fb5      0x399 _build/nrf52840_xxaa/main.c.o
 .debug_macro   0x000000000000234e       0x11 _build/nrf52840_xxaa/main.c.o
 .debug_macro   0x000000000000235f       0xcc _build/nrf52840_xxaa/main.c.o
 .debug_macro   0x000000000000242b      0x100 _build/nrf52840_xxaa/system_nrf52840.c.o

.debug_str      0x0000000000000000    0x8b0da
 .debug_str     0x0000000000000000    0x7668a _build/nrf52840_xxaa/app_error.c.o
                                      0x776c8 (size before relaxing)
 .debug_str     0x000000000007668a     0xccf0 _build/nrf52840_xxaa/app_error_weak.c.o
                                      0x846b6 (size before relaxing)
 .debug_str     0x000000000008337a      0x47d _build/nrf52840_xxaa/app_util_platform.c.o
                                      0x77f1a (size before relaxing)
 .debug_str     0x00000000000837f7     0x3481 _build/nrf52840_xxaa/nrf_drv_ppi.c.o
                                      0x84843 (size before relaxing)
 .debug_str     0x0000000000086c78     0x1d83 _build/nrf52840_xxaa/nrfx_gpiote.c.o
                                      0x89222 (size before relaxing)
 .debug_str     0x00000000000889fb      0x643 _build/nrf52840_xxaa/nrfx_ppi.c.o
                                      0x87a28 (size before relaxing)
 .debug_str     0x000000000008903e     0x1210 _build/nrf52840_xxaa/nrfx_timer.c.o
                                      0x887ee (size before relaxing)
 .debug_str     0x000000000008a24e      0x879 _build/nrf52840_xxaa/main.c.o
                                      0x85db1 (size before relaxing)
 .debug_str     0x000000000008aac7      0x613 _build/nrf52840_xxaa/system_nrf52840.c.o
                                      0x73404 (size before relaxing)

.debug_frame    0x0000000000000000      0x794
 .debug_frame   0x0000000000000000       0x54 _build/nrf52840_xxaa/app_error.c.o
 .debug_frame   0x0000000000000054       0x20 _build/nrf52840_xxaa/app_error_weak.c.o
 .debug_frame   0x0000000000000074       0x70 _build/nrf52840_xxaa/app_util_platform.c.o
 .debug_frame   0x00000000000000e4       0x38 _build/nrf52840_xxaa/nrf_drv_ppi.c.o
 .debug_frame   0x000000000000011c      0x260 _build/nrf52840_xxaa/nrfx_gpiote.c.o
 .debug_frame   0x000000000000037c      0x164 _build/nrf52840_xxaa/nrfx_ppi.c.o
 .debug_frame   0x00000000000004e0      0x190 _build/nrf52840_xxaa/nrfx_timer.c.o
 .debug_frame   0x0000000000000670       0x50 _build/nrf52840_xxaa/main.c.o
 .debug_frame   0x00000000000006c0       0x40 _build/nrf52840_xxaa/system_nrf52840.c.o
 .debug_frame   0x0000000000000700       0x28 /Users/matvei/libs/arm/gcc-arm-none-eabi-6_2-2016q4/bin/../lib/gcc/arm-none-eabi/6.2.1/../../../../arm-none-eabi/lib/thumb/v7e-m/fpv4-sp/hard/libc_nano.a(lib_a-exit.o)
 .debug_frame   0x0000000000000728       0x2c /Users/matvei/libs/arm/gcc-arm-none-eabi-6_2-2016q4/bin/../lib/gcc/arm-none-eabi/6.2.1/../../../../arm-none-eabi/lib/thumb/v7e-m/fpv4-sp/hard/libc_nano.a(lib_a-init.o)
 .debug_frame   0x0000000000000754       0x20 /Users/matvei/libs/arm/gcc-arm-none-eabi-6_2-2016q4/bin/../lib/gcc/arm-none-eabi/6.2.1/../../../../arm-none-eabi/lib/thumb/v7e-m/fpv4-sp/hard/libc_nano.a(lib_a-memset.o)
 .debug_frame   0x0000000000000774       0x20 /Users/matvei/libs/arm/gcc-arm-none-eabi-6_2-2016q4/bin/../lib/gcc/arm-none-eabi/6.2.1/../../../../arm-none-eabi/lib/thumb/v7e-m/fpv4-sp/hard/libnosys.a(_exit.o)
